// Jest Snapshot v1, https://goo.gl/fbAQLP

exports[`generic_questionmark.java 1`] = `
public class GenericExtends<BEAN extends Bean<?>> {}

public class Simple {

  public void converter(final Converter<?> converter) {}

}~~~~~~~~~~~~~~~~~~~~~~~~~~~~~~~~~~~~~~~~~~~~~~~~~~~~~~~~~~~~~~~~~~~~~~~~~~~~~~~~
public class GenericExtends<BEAN extends Bean<?>> {}

public class Simple {

    public void converter(final Converter<?> converter) {}

}


`;
