// Jest Snapshot v1, https://goo.gl/fbAQLP

exports[`annotation_type_declaration.java 1`] = `
public @interface AnnotationTypeDeclaration {
    public String value() default "";
}~~~~~~~~~~~~~~~~~~~~~~~~~~~~~~~~~~~~~~~~~~~~~~~~~~~~~~~~~~~~~~~~~~~~~~~~~~~~~~~~
public @interface AnnotationTypeDeclaration {
    public String value() default "";
}

`;
