// Jest Snapshot v1, https://goo.gl/fbAQLP

exports[`synchronized.java 1`] = `
class Synchronized {
    void doSomething() {
        synchronized (this.var) {
            doSynchronized();
        }
    }
}~~~~~~~~~~~~~~~~~~~~~~~~~~~~~~~~~~~~~~~~~~~~~~~~~~~~~~~~~~~~~~~~~~~~~~~~~~~~~~~~
class Synchronized {

    void doSomething() {
        synchronized (this.var) {
            doSynchronized();
        }
    }

}


`;
