// Jest Snapshot v1, https://goo.gl/fbAQLP

exports[`empty_interface.java 1`] = `
public interface EmptyInterface {}

public interface EmptyInterface {

}
~~~~~~~~~~~~~~~~~~~~~~~~~~~~~~~~~~~~~~~~~~~~~~~~~~~~~~~~~~~~~~~~~~~~~~~~~~~~~~~~
public interface EmptyInterface {}

public interface EmptyInterface {}


`;
