// Jest Snapshot v1, https://goo.gl/fbAQLP

exports[`char_literal.java 1`] = `
public class CharLiteral {

  final char singleQuote = '\\'';
  
  final char backslash = '\\\\';
  
}~~~~~~~~~~~~~~~~~~~~~~~~~~~~~~~~~~~~~~~~~~~~~~~~~~~~~~~~~~~~~~~~~~~~~~~~~~~~~~~~
public class CharLiteral {
    final char singleQuote = '\\'';
  
  final char backslash = '\\\\';
}


`;
