// Jest Snapshot v1, https://goo.gl/fbAQLP

exports[`hello_world.java 1`] = `
public class HelloWorld {

  public static void main(String[] args) {
    System.out.println("Hello, World");
  }

}
~~~~~~~~~~~~~~~~~~~~~~~~~~~~~~~~~~~~~~~~~~~~~~~~~~~~~~~~~~~~~~~~~~~~~~~~~~~~~~~~
public class HelloWorld {

    public static void main(String[] args) {
        System.out.println("Hello, World");
    }

}


`;
