// Jest Snapshot v1, https://goo.gl/fbAQLP

exports[`method_reference.java 1`] = `
public class MethodReference {

  public void referenceToAStaticMethod() {
    call(ContainingClass::staticMethodName);
  }

  public referenceToAConstructor() {
    call(ClassName::new);
  }

  public referenceToAnInstanceMethodOfAnArbitraryObjectOfAParticularType() {
    call(ContainingType::methodName);
  }

  public referenceToAnInstanceMethodOfAParticularObject() {
    call(containingObject::instanceMethodName);
  }

}
~~~~~~~~~~~~~~~~~~~~~~~~~~~~~~~~~~~~~~~~~~~~~~~~~~~~~~~~~~~~~~~~~~~~~~~~~~~~~~~~
public class MethodReference {

    public void referenceToAStaticMethod() {
        call(ContainingClass::staticMethodName);
    }

    public referenceToAConstructor() {
        call(ClassName::new);
    }

    public referenceToAnInstanceMethodOfAnArbitraryObjectOfAParticularType() {
        call(ContainingType::methodName);
    }

    public referenceToAnInstanceMethodOfAParticularObject() {
        call(containingObject::instanceMethodName);
    }

}


`;
