// Jest Snapshot v1, https://goo.gl/fbAQLP

exports[`package_and_imports.java 1`] = `
package my.own.pkg;

import something.Different;
import java.utils.*;
import abc.def.Something;
import abc.def.Another;

public class PackageAndImports {}
~~~~~~~~~~~~~~~~~~~~~~~~~~~~~~~~~~~~~~~~~~~~~~~~~~~~~~~~~~~~~~~~~~~~~~~~~~~~~~~~
package my.own.pkg;

import abc.def.Another;
import abc.def.Something;

import java.utils.*;

import something.Different;

public class PackageAndImports {}


`;
