// Jest Snapshot v1, https://goo.gl/fbAQLP

exports[`abstract_class.java 1`] = `
public class ClassDeclaration {

  public void testMethod() {

      class LocalClassDeclaration {
      }

  }
  
}~~~~~~~~~~~~~~~~~~~~~~~~~~~~~~~~~~~~~~~~~~~~~~~~~~~~~~~~~~~~~~~~~~~~~~~~~~~~~~~~
public class ClassDeclaration {

    public void testMethod() {

        class LocalClassDeclaration {}

    }

}


`;
