// Jest Snapshot v1, https://goo.gl/fbAQLP

exports[`extends_abstract_class.java 1`] = `
public class ExtendsAbstractClass extends AbstractClass {

  @Override
  public void abstractMethod() {
    System.out.println("implemented abstract method");
  }

  @Override
  public int hashCode() {
    return super.hashCode();
  }

}
~~~~~~~~~~~~~~~~~~~~~~~~~~~~~~~~~~~~~~~~~~~~~~~~~~~~~~~~~~~~~~~~~~~~~~~~~~~~~~~~
public class ExtendsAbstractClass
    extends AbstractClass {

    @Override
    public void abstractMethod() {
        System.out.println("implemented abstract method");
    }

    @Override
    public int hashCode() {
        return super.hashCode();
    }

}


`;
