// Jest Snapshot v1, https://goo.gl/fbAQLP

exports[`implements_interface.java 1`] = `
public class ImplementsInterface implements Interface {

  @Override
  public void interfaceMethod() {
    System.out.println("implemented interface method");
  }

}
~~~~~~~~~~~~~~~~~~~~~~~~~~~~~~~~~~~~~~~~~~~~~~~~~~~~~~~~~~~~~~~~~~~~~~~~~~~~~~~~
public class ImplementsInterface implements Interface {

    @Override
    public void interfaceMethod() {
        System.out.println("implemented interface method");
    }

}


`;
